Starting point Renovate-Bot
 INFO: Renovate started
       "renovateVersion": "44.103.2"
 WARN: Config needs migrating
       "configType": "/usr/src/app/config.json",
       "originalConfig": {
         "platform": "gitlab",
         "endpoint": "https://gitlab-internal.spirit-dev.net/api/v4",
         "token": "***********",
         "autodiscover": "true",
         "autodiscoverFilter": ["!**/*deletion_scheduled*"],
         "ignorePrAuthor": true,
         "dryRun": false,
         "printConfig": true,
         "hostRules": [
           {"matchHost": "github.com", "token": "***********"},
           {"matchHost": "gitlab-internal.spirit-dev.net", "token": "***********"},
           {
             "matchHost": "gitlab-registry-internal.spirit-dev.net",
             "username": "renovate-bot",
             "password": "***********",
             "hostType": "docker"
           }
         ]
       },
       "migratedConfig": {
         "platform": "gitlab",
         "endpoint": "https://gitlab-internal.spirit-dev.net/api/v4",
         "token": "***********",
         "autodiscover": true,
         "autodiscoverFilter": ["!**/*deletion_scheduled*"],
         "ignorePrAuthor": true,
         "dryRun": null,
         "printConfig": true,
         "hostRules": [
           {"matchHost": "github.com", "token": "***********"},
           {"matchHost": "gitlab-internal.spirit-dev.net", "token": "***********"},
           {
             "matchHost": "gitlab-registry-internal.spirit-dev.net",
             "username": "renovate-bot",
             "password": "***********",
             "hostType": "docker"
           }
         ]
       }
FATAL: Initialization error
       "errorMessage": "Authentication failure"
 INFO: Renovate was run at log level "info". Set LOG_LEVEL=debug in environment variables to see extended debug logs.
 INFO: Renovate is exiting with a non-zero code due to the following logged errors
       "loggerErrors": [
         {
           "name": "renovate",
           "level": 60,
           "logContext": "0a63a900-2b0a-4915-bd4c-e1b4f0e6fd24",
           "errorMessage": "Authentication failure",
           "msg": "Initialization error"
         }
       ]
